[radiustheme.com/demo/html/roofit/contact.html]
[backblue.gif]
[fade.gif]
[index.html]
[radiustheme.com/demo/html/roofit/img/favicon.png]
[radiustheme.com/demo/html/roofit/css/normalize.css]
[radiustheme.com/demo/html/roofit/css/main.css]
[radiustheme.com/demo/html/roofit/css/bootstrap.min.css]
[radiustheme.com/demo/html/roofit/css/fontawesome-all.min.css]
[radiustheme.com/demo/html/roofit/css/animate.min.css]
[radiustheme.com/demo/html/roofit/font/flaticon.css]
[radiustheme.com/demo/html/roofit/css/meanmenu.min.css]
[radiustheme.com/demo/html/roofit/style.css]
[radiustheme.com/demo/html/roofit/js/modernizr-3.7.1.min.js]
[radiustheme.com/demo/html/roofit/index.html]
[radiustheme.com/demo/html/roofit/img/logo-dark.png]
[radiustheme.com/demo/html/roofit/index2.html]
[radiustheme.com/demo/html/roofit/index3.html]
[radiustheme.com/demo/html/roofit/index4.html]
[radiustheme.com/demo/html/roofit/about1.html]
[radiustheme.com/demo/html/roofit/service1.html]
[radiustheme.com/demo/html/roofit/service2.html]
[radiustheme.com/demo/html/roofit/service3.html]
[radiustheme.com/demo/html/roofit/single-service1.html]
[radiustheme.com/demo/html/roofit/single-service2.html]
[radiustheme.com/demo/html/roofit/blog1.html]
[radiustheme.com/demo/html/roofit/blog2.html]
[radiustheme.com/demo/html/roofit/blog3.html]
[radiustheme.com/demo/html/roofit/single-blog1.html]
[radiustheme.com/demo/html/roofit/project1.html]
[radiustheme.com/demo/html/roofit/single-project1.html]
[radiustheme.com/demo/html/roofit/single-project2.html]
[radiustheme.com/demo/html/roofit/team1.html]
[radiustheme.com/demo/html/roofit/team2.html]
[radiustheme.com/demo/html/roofit/single-product.html]
[radiustheme.com/demo/html/roofit/faq.html]
[radiustheme.com/demo/html/roofit/coming-soon.html]
[radiustheme.com/demo/html/roofit/404.html]
[radiustheme.com/demo/html/roofit/img/figure/widget-banner.jpg]
[radiustheme.com/demo/html/roofit/img/logo-light.png]
[radiustheme.com/demo/html/roofit/js/jquery-3.3.1.min.js]
[radiustheme.com/demo/html/roofit/js/plugins.js]
[radiustheme.com/demo/html/roofit/js/popper.min.js]
[radiustheme.com/demo/html/roofit/js/bootstrap.min.js]
[radiustheme.com/demo/html/roofit/js/jquery.meanmenu.min.js]
[radiustheme.com/demo/html/roofit/js/validator.min.js]
[radiustheme.com/demo/html/roofit/js/main.js]
[radiustheme.com/demo/html/roofit/contact.html]
[radiustheme.com/demo/html/roofit/css/normalize.css]
[radiustheme.com/demo/html/roofit/css/main.css]
[radiustheme.com/demo/html/roofit/css/bootstrap.min.css]
[radiustheme.com/demo/html/roofit/webfonts/fa-brands-400.eot]
[radiustheme.com/demo/html/roofit/webfonts/fa-brands-400d41d.eot]
[radiustheme.com/demo/html/roofit/webfonts/fa-brands-400.html]
[radiustheme.com/demo/html/roofit/webfonts/fa-brands-400.woff]
[radiustheme.com/demo/html/roofit/webfonts/fa-brands-400.ttf]
[radiustheme.com/demo/html/roofit/webfonts/fa-regular-400.eot]
[radiustheme.com/demo/html/roofit/webfonts/fa-brands-400.svg]
[radiustheme.com/demo/html/roofit/webfonts/fa-regular-400d41d.eot]
[radiustheme.com/demo/html/roofit/webfonts/fa-regular-400.html]
[radiustheme.com/demo/html/roofit/webfonts/fa-regular-400.woff]
[radiustheme.com/demo/html/roofit/webfonts/fa-regular-400.ttf]
[radiustheme.com/demo/html/roofit/webfonts/fa-regular-400.svg]
[radiustheme.com/demo/html/roofit/webfonts/fa-solid-900.eot]
[radiustheme.com/demo/html/roofit/webfonts/fa-solid-900d41d.eot]
[radiustheme.com/demo/html/roofit/webfonts/fa-solid-900.html]
[radiustheme.com/demo/html/roofit/webfonts/fa-solid-900.woff]
[radiustheme.com/demo/html/roofit/webfonts/fa-solid-900.ttf]
[radiustheme.com/demo/html/roofit/css/fontawesome-all.min.css]
[radiustheme.com/demo/html/roofit/css/animate.min.css]
[radiustheme.com/demo/html/roofit/webfonts/fa-solid-900.svg]
[radiustheme.com/demo/html/roofit/font/Flaticon.eot]
[radiustheme.com/demo/html/roofit/font/Flaticond41d.eot]
[radiustheme.com/demo/html/roofit/font/Flaticon.html]
[radiustheme.com/demo/html/roofit/font/Flaticon.woff]
[radiustheme.com/demo/html/roofit/font/Flaticon.ttf]
[radiustheme.com/demo/html/roofit/font/flaticon.css]
[radiustheme.com/demo/html/roofit/css/meanmenu.min.css]
[radiustheme.com/demo/html/roofit/font/Flaticon.svg]
[radiustheme.com/demo/html/roofit/img/preloader.gif]
[radiustheme.com/demo/html/roofit/img/figure/footer.png]
[radiustheme.com/demo/html/roofit/img/about/about-bg.png]
[radiustheme.com/demo/html/roofit/img/figure/clip10.png]
[radiustheme.com/demo/html/roofit/img/figure/cloud2.png]
[radiustheme.com/demo/html/roofit/img/figure/sky-bg.png]
[radiustheme.com/demo/html/roofit/img/figure/line-shape.png]
[radiustheme.com/demo/html/roofit/img/about/about3.png]
[radiustheme.com/demo/html/roofit/img/figure/shape.png]
[radiustheme.com/demo/html/roofit/img/service/pattern.png]
[radiustheme.com/demo/html/roofit/img/figure/clip1.png]
[radiustheme.com/demo/html/roofit/img/figure/clip2.png]
[radiustheme.com/demo/html/roofit/img/figure/clip4.png]
[radiustheme.com/demo/html/roofit/img/figure/clip3.png]
[radiustheme.com/demo/html/roofit/img/figure/clip5.png]
[radiustheme.com/demo/html/roofit/img/figure/clip6.png]
[radiustheme.com/demo/html/roofit/img/figure/clip7.png]
[radiustheme.com/demo/html/roofit/img/figure/clip8.png]
[radiustheme.com/demo/html/roofit/img/figure/clip9.png]
[radiustheme.com/demo/html/roofit/style.css]
[radiustheme.com/demo/html/roofit/vendor/slick/slick.css]
[radiustheme.com/demo/html/roofit/vendor/slick/slick-theme.css]
[radiustheme.com/demo/html/roofit/css/select2.min.css]
[radiustheme.com/demo/html/roofit/css/magnific-popup.css]
[radiustheme.com/demo/html/roofit/img/slider/slide1-1.jpg]
[radiustheme.com/demo/html/roofit/img/slider/slide1-2.jpg]
[radiustheme.com/demo/html/roofit/img/slider/slide1-3.jpg]
[radiustheme.com/demo/html/roofit/img/slider/slide1-4.jpg]
[radiustheme.com/demo/html/roofit/img/slider/slide1-5.jpg]
[radiustheme.com/demo/html/roofit/img/slider/slide1-6.jpg]
[radiustheme.com/demo/html/roofit/img/about/award.png]
[radiustheme.com/demo/html/roofit/img/about/award1.png]
[radiustheme.com/demo/html/roofit/img/about/award2.png]
[radiustheme.com/demo/html/roofit/img/about/about1.jpg]
[radiustheme.com/demo/html/roofit/img/about/about2.jpg]
[radiustheme.com/demo/html/roofit/img/service/service1.jpg]
[radiustheme.com/demo/html/roofit/img/service/service2.jpg]
[radiustheme.com/demo/html/roofit/img/service/service3.jpg]
[radiustheme.com/demo/html/roofit/img/service/service4.jpg]
[radiustheme.com/demo/html/roofit/img/project/project1.jpg]
[radiustheme.com/demo/html/roofit/img/project/project2.jpg]
[radiustheme.com/demo/html/roofit/img/project/project3.jpg]
[radiustheme.com/demo/html/roofit/img/project/project4.jpg]
[radiustheme.com/demo/html/roofit/img/project/project5.jpg]
[radiustheme.com/demo/html/roofit/img/project/project6.jpg]
[radiustheme.com/demo/html/roofit/img/team/team1.png]
[radiustheme.com/demo/html/roofit/img/team/team2.png]
[radiustheme.com/demo/html/roofit/img/team/team3.png]
[radiustheme.com/demo/html/roofit/img/team/team4.png]
[radiustheme.com/demo/html/roofit/img/blog/blog.jpg]
[radiustheme.com/demo/html/roofit/img/blog/blog1.jpg]
[radiustheme.com/demo/html/roofit/vendor/slick/slick.min.js]
[radiustheme.com/demo/html/roofit/js/imagesloaded.pkgd.min.js]
[radiustheme.com/demo/html/roofit/js/select2.min.js]
[radiustheme.com/demo/html/roofit/js/jquery.magnific-popup.min.js]
[radiustheme.com/demo/html/roofit/js/jquery.counterup.min.js]
[radiustheme.com/demo/html/roofit/js/waypoints.min.js]
[radiustheme.com/demo/html/roofit/index.html]
[radiustheme.com/demo/html/roofit/vendor/slider/css/nivo-slider.css]
[radiustheme.com/demo/html/roofit/vendor/OwlCarousel/owl.carousel.min.css]
[radiustheme.com/demo/html/roofit/vendor/OwlCarousel/owl.theme.default.min.css]
[radiustheme.com/demo/html/roofit/img/logo-light2.png]
[radiustheme.com/demo/html/roofit/img/slider/slide2-1.jpg]
[radiustheme.com/demo/html/roofit/img/slider/slide2-2.jpg]
[radiustheme.com/demo/html/roofit/img/slider/slide2-3.jpg]
[radiustheme.com/demo/html/roofit/img/service/service5.jpg]
[radiustheme.com/demo/html/roofit/img/service/service6.jpg]
[radiustheme.com/demo/html/roofit/img/service/service7.jpg]
[radiustheme.com/demo/html/roofit/img/project/project7.jpg]
[radiustheme.com/demo/html/roofit/img/project/project8.jpg]
[radiustheme.com/demo/html/roofit/img/project/project9.jpg]
[radiustheme.com/demo/html/roofit/img/project/project10.jpg]
[radiustheme.com/demo/html/roofit/img/project/project12.jpg]
[radiustheme.com/demo/html/roofit/img/project/project11.jpg]
[radiustheme.com/demo/html/roofit/img/team/team5.png]
[radiustheme.com/demo/html/roofit/img/team/team6.png]
[radiustheme.com/demo/html/roofit/img/team/team7.png]
[radiustheme.com/demo/html/roofit/img/team/team8.png]
[radiustheme.com/demo/html/roofit/img/figure/testimonial.jpg]
[radiustheme.com/demo/html/roofit/img/blog/blog3.jpg]
[radiustheme.com/demo/html/roofit/img/blog/blog4.jpg]
[radiustheme.com/demo/html/roofit/img/blog/blog2.jpg]
[radiustheme.com/demo/html/roofit/img/brand/brand1.png]
[radiustheme.com/demo/html/roofit/img/brand/brand2.png]
[radiustheme.com/demo/html/roofit/img/brand/brand3.png]
[radiustheme.com/demo/html/roofit/img/brand/brand4.png]
[radiustheme.com/demo/html/roofit/js/isotope.pkgd.min.js]
[radiustheme.com/demo/html/roofit/vendor/slider/js/jquery.nivo.slider.js]
[radiustheme.com/demo/html/roofit/vendor/slider/home.js]
[radiustheme.com/demo/html/roofit/vendor/OwlCarousel/owl.carousel.min.js]
[radiustheme.com/demo/html/roofit/js/parallax.min.js]
[radiustheme.com/demo/html/roofit/index2.html]
[radiustheme.com/demo/html/roofit/img/slider/slide3-1.jpg]
[radiustheme.com/demo/html/roofit/img/slider/slide3-2.jpg]
[radiustheme.com/demo/html/roofit/img/slider/slide3-3.jpg]
[radiustheme.com/demo/html/roofit/img/about/about4.png]
[radiustheme.com/demo/html/roofit/img/service/service8.jpg]
[radiustheme.com/demo/html/roofit/img/service/service9.jpg]
[radiustheme.com/demo/html/roofit/img/service/service10.jpg]
[radiustheme.com/demo/html/roofit/img/service/service11.jpg]
[radiustheme.com/demo/html/roofit/img/service/service12.jpg]
[radiustheme.com/demo/html/roofit/img/service/service13.jpg]
[radiustheme.com/demo/html/roofit/img/about/about3.jpg]
[radiustheme.com/demo/html/roofit/img/project/project13.jpg]
[radiustheme.com/demo/html/roofit/img/project/project14.jpg]
[radiustheme.com/demo/html/roofit/img/project/project15.jpg]
[radiustheme.com/demo/html/roofit/img/figure/testimonial1.jpg]
[radiustheme.com/demo/html/roofit/img/blog/blog5.jpg]
[radiustheme.com/demo/html/roofit/img/blog/blog6.jpg]
[radiustheme.com/demo/html/roofit/img/blog/blog7.jpg]
[radiustheme.com/demo/html/roofit/index3.html]
[radiustheme.com/demo/html/roofit/img/logo-light3.png]
[radiustheme.com/demo/html/roofit/img/slider/slide4-1.jpg]
[radiustheme.com/demo/html/roofit/img/slider/slide4-2.jpg]
[radiustheme.com/demo/html/roofit/img/slider/slide4-3.jpg]
[radiustheme.com/demo/html/roofit/img/project/project16.jpg]
[radiustheme.com/demo/html/roofit/img/project/project17.jpg]
[radiustheme.com/demo/html/roofit/img/project/project18.jpg]
[radiustheme.com/demo/html/roofit/img/project/project19.jpg]
[radiustheme.com/demo/html/roofit/img/project/project20.jpg]
[radiustheme.com/demo/html/roofit/img/project/project21.jpg]
[radiustheme.com/demo/html/roofit/img/team/team10.jpg]
[radiustheme.com/demo/html/roofit/img/team/team11.jpg]
[radiustheme.com/demo/html/roofit/img/team/team12.jpg]
[radiustheme.com/demo/html/roofit/img/team/team9.jpg]
[radiustheme.com/demo/html/roofit/js/jquery.youtubebackground.js]
[radiustheme.com/demo/html/roofit/index4.html]
[radiustheme.com/demo/html/roofit/img/about/about4.jpg]
[radiustheme.com/demo/html/roofit/img/figure/why-choose.jpg]
[radiustheme.com/demo/html/roofit/img/figure/why-choose1.jpg]
[radiustheme.com/demo/html/roofit/img/figure/why-choose2.jpg]
[radiustheme.com/demo/html/roofit/about1.html]
[radiustheme.com/demo/html/roofit/img/service/service14.jpg]
[radiustheme.com/demo/html/roofit/img/service/service15.jpg]
[radiustheme.com/demo/html/roofit/img/service/service16.jpg]
[radiustheme.com/demo/html/roofit/img/service/service17.jpg]
[radiustheme.com/demo/html/roofit/img/service/service18.jpg]
[radiustheme.com/demo/html/roofit/img/service/service19.jpg]
[radiustheme.com/demo/html/roofit/service1.html]
[radiustheme.com/demo/html/roofit/img/service/service20.jpg]
[radiustheme.com/demo/html/roofit/img/service/service21.jpg]
[radiustheme.com/demo/html/roofit/img/service/service22.jpg]
[radiustheme.com/demo/html/roofit/service2.html]
[radiustheme.com/demo/html/roofit/service3.html]
[radiustheme.com/demo/html/roofit/img/service/service23.jpg]
[radiustheme.com/demo/html/roofit/img/service/service24.jpg]
[radiustheme.com/demo/html/roofit/img/service/service25.jpg]
[radiustheme.com/demo/html/roofit/img/service/service26.jpg]
[radiustheme.com/demo/html/roofit/img/service/service27.jpg]
[radiustheme.com/demo/html/roofit/single-service1.html]
[radiustheme.com/demo/html/roofit/img/service/service32.jpg]
[radiustheme.com/demo/html/roofit/img/service/service28.jpg]
[radiustheme.com/demo/html/roofit/img/service/service29.jpg]
[radiustheme.com/demo/html/roofit/img/service/service30.jpg]
[radiustheme.com/demo/html/roofit/img/service/service31.jpg]
[radiustheme.com/demo/html/roofit/js/jquery.elevatezoom.js]
[radiustheme.com/demo/html/roofit/single-service2.html]
[radiustheme.com/demo/html/roofit/img/blog/blog12.jpg]
[radiustheme.com/demo/html/roofit/img/blog/blog13.jpg]
[radiustheme.com/demo/html/roofit/img/blog/blog14.jpg]
[radiustheme.com/demo/html/roofit/img/blog/blog17.jpg]
[radiustheme.com/demo/html/roofit/img/blog/blog16.jpg]
[radiustheme.com/demo/html/roofit/img/blog/blog15.jpg]
[radiustheme.com/demo/html/roofit/img/blog/blog8.jpg]
[radiustheme.com/demo/html/roofit/img/blog/blog9.jpg]
[radiustheme.com/demo/html/roofit/img/blog/blog10.jpg]
[radiustheme.com/demo/html/roofit/img/blog/blog11.jpg]
[radiustheme.com/demo/html/roofit/blog1.html]
[radiustheme.com/demo/html/roofit/img/blog/author.jpg]
[radiustheme.com/demo/html/roofit/img/blog/blog18.jpg]
[radiustheme.com/demo/html/roofit/img/blog/blog19.jpg]
[radiustheme.com/demo/html/roofit/img/blog/blog20.jpg]
[radiustheme.com/demo/html/roofit/img/blog/blog21.jpg]
[radiustheme.com/demo/html/roofit/blog2.html]
[radiustheme.com/demo/html/roofit/img/blog/blog22.jpg]
[radiustheme.com/demo/html/roofit/img/blog/blog23.jpg]
[radiustheme.com/demo/html/roofit/img/blog/blog24.jpg]
[radiustheme.com/demo/html/roofit/img/blog/blog25.jpg]
[radiustheme.com/demo/html/roofit/blog3.html]
[radiustheme.com/demo/html/roofit/img/blog/blog26.jpg]
[radiustheme.com/demo/html/roofit/img/blog/blog27.jpg]
[radiustheme.com/demo/html/roofit/img/blog/author2.jpg]
[radiustheme.com/demo/html/roofit/img/figure/pg1.jpg]
[radiustheme.com/demo/html/roofit/img/blog/blog28.jpg]
[radiustheme.com/demo/html/roofit/img/blog/blog29.jpg]
[radiustheme.com/demo/html/roofit/single-blog1.html]
[radiustheme.com/demo/html/roofit/img/project/project22.jpg]
[radiustheme.com/demo/html/roofit/img/project/project23.jpg]
[radiustheme.com/demo/html/roofit/img/project/project24.jpg]
[radiustheme.com/demo/html/roofit/img/project/project25.jpg]
[radiustheme.com/demo/html/roofit/img/project/project26.jpg]
[radiustheme.com/demo/html/roofit/img/project/project27.jpg]
[radiustheme.com/demo/html/roofit/project1.html]
[radiustheme.com/demo/html/roofit/img/project/project28.jpg]
[radiustheme.com/demo/html/roofit/img/project/project29.jpg]
[radiustheme.com/demo/html/roofit/img/project/project30.jpg]
[radiustheme.com/demo/html/roofit/single-project1.html]
[radiustheme.com/demo/html/roofit/img/project/project31.jpg]
[radiustheme.com/demo/html/roofit/single-project2.html]
[radiustheme.com/demo/html/roofit/team1.html]
[radiustheme.com/demo/html/roofit/team2.html]
[radiustheme.com/demo/html/roofit/single-team1.html]
[radiustheme.com/demo/html/roofit/img/figure/product1.jpg]
[radiustheme.com/demo/html/roofit/shop1.html]
[radiustheme.com/demo/html/roofit/img/figure/product2.jpg]
[radiustheme.com/demo/html/roofit/img/figure/product4.png]
[radiustheme.com/demo/html/roofit/img/figure/product1.png]
[radiustheme.com/demo/html/roofit/img/figure/product3.png]
[radiustheme.com/demo/html/roofit/img/figure/shop1.jpg]
[radiustheme.com/demo/html/roofit/img/figure/shop2.jpg]
[radiustheme.com/demo/html/roofit/img/figure/shop3.jpg]
[radiustheme.com/demo/html/roofit/img/figure/shop4.jpg]
[radiustheme.com/demo/html/roofit/img/figure/shop5.jpg]
[radiustheme.com/demo/html/roofit/single-product.html]
[radiustheme.com/demo/html/roofit/faq.html]
[radiustheme.com/demo/html/roofit/img/figure/coming-soon.jpg]
[radiustheme.com/demo/html/roofit/img/logo-large.png]
[radiustheme.com/demo/html/roofit/js/jquery.countdown.min.js]
[radiustheme.com/demo/html/roofit/coming-soon.html]
[radiustheme.com/demo/html/roofit/img/figure/404.png]
[radiustheme.com/demo/html/roofit/404.html]
[radiustheme.com/demo/html/roofit/webfonts/fa-brands-400.html]
[radiustheme.com/demo/html/roofit/webfonts/fa-brands-400.svg]
[radiustheme.com/demo/html/roofit/webfonts/fa-regular-400.html]
[radiustheme.com/demo/html/roofit/webfonts/fa-regular-400.svg]
[radiustheme.com/demo/html/roofit/webfonts/fa-solid-900.html]
[radiustheme.com/demo/html/roofit/webfonts/fa-solid-900.svg]
[radiustheme.com/demo/html/roofit/font/Flaticon.html]
[radiustheme.com/demo/html/roofit/font/Flaticon.svg]
[radiustheme.com/demo/html/roofit/vendor/slick/slick.css]
[radiustheme.com/demo/html/roofit/vendor/slick/ajax-loader.gif]
[radiustheme.com/demo/html/roofit/vendor/slick/fonts/slick.eot]
[radiustheme.com/demo/html/roofit/vendor/slick/fonts/slickd41d.eot]
[radiustheme.com/demo/html/roofit/vendor/slick/fonts/slick.woff]
[radiustheme.com/demo/html/roofit/vendor/slick/fonts/slick.ttf]
[radiustheme.com/demo/html/roofit/vendor/slick/fonts/slick.svg]
[radiustheme.com/demo/html/roofit/vendor/slick/slick-theme.css]
[radiustheme.com/demo/html/roofit/css/select2.min.css]
[radiustheme.com/demo/html/roofit/css/magnific-popup.css]
[radiustheme.com/demo/html/roofit/vendor/slider/css/nivo-slider.css]
[radiustheme.com/demo/html/roofit/vendor/OwlCarousel/owl.video.play.png]
[radiustheme.com/demo/html/roofit/vendor/OwlCarousel/owl.carousel.min.css]
[radiustheme.com/demo/html/roofit/vendor/OwlCarousel/owl.theme.default.min.css]
[radiustheme.com/demo/html/roofit/img/team/team9.png]
[radiustheme.com/demo/html/roofit/single-team1.html]
[radiustheme.com/demo/html/roofit/vendor/noUiSlider/nouislider.min.css]
[radiustheme.com/demo/html/roofit/img/figure/product2.png]
[radiustheme.com/demo/html/roofit/img/figure/product5.png]
[radiustheme.com/demo/html/roofit/img/figure/product6.png]
[radiustheme.com/demo/html/roofit/img/figure/product7.png]
[radiustheme.com/demo/html/roofit/img/figure/product8.png]
[radiustheme.com/demo/html/roofit/vendor/noUiSlider/nouislider.min.js]
[radiustheme.com/demo/html/roofit/js/wNumb.js]
[radiustheme.com/demo/html/roofit/shop1.html]
[radiustheme.com/demo/html/roofit/vendor/slick/fonts/slick.svg]
[radiustheme.com/demo/html/roofit/vendor/noUiSlider/nouislider.min.css]
